Open Watcom Linker Version 2.0 beta Nov  1 2017 20:56:49 (64-bit)
Copyright (c) 2002-2017 The Open Watcom Contributors. All Rights Reserved.
Portions Copyright (c) 1985-2002 Sybase, Inc. All Rights Reserved.
Created on:       23/03/12 18:02:35
Executable Image: retrolib.exe
creating a DOS executable


                        +------------+
                        |   Groups   |
                        +------------+

Group                           Address              Size
=====                           =======              ====

DGROUP                          0a38:0000            000033a0



                        +--------------+
                        |   Segments   |
                        +--------------+

Segment                Class          Group          Address         Size
=======                =====          =====          =======         ====

main_TEXT              CODE           AUTO           0000:0000       00000b8b
ioicout_TEXT           CODE           AUTO           0000:0b90       000000a5
ostincch_TEXT          CODE           AUTO           0000:0c40       000000b9
ioicin_TEXT            CODE           AUTO           0000:0d00       00000076
istexcha_TEXT          CODE           AUTO           0000:0d80       000000d4
_TEXT                  CODE           AUTO           0000:0e60       000045b0
manendl_TEXT           CODE           AUTO           0000:5410       00000020
ostinomn_TEXT          CODE           AUTO           0000:5430       00000013
mandec_TEXT            CODE           AUTO           0000:5450       0000000f
manhex_TEXT            CODE           AUTO           0000:5460       0000000f
ostincha_TEXT          CODE           AUTO           0000:5470       00000109
ostiniom_TEXT          CODE           AUTO           0000:5580       00000028
ostinulo_TEXT          CODE           AUTO           0000:55b0       0000017a
cppdata_TEXT           CODE           AUTO           0000:5730       00000000
fsregist_TEXT          CODE           AUTO           0000:5730       000003a9
opdel_TEXT             CODE           AUTO           0000:5ae0       0000000e
opnew_TEXT             CODE           AUTO           0000:5af0       0000007a
undefmbd_TEXT          CODE           AUTO           0000:5b70       00000000
fsroot_TEXT            CODE           AUTO           0000:5b70       0000000b
undefed_TEXT           CODE           AUTO           0000:5b80       00000010
sdfconfp_TEXT          CODE           AUTO           0000:5b90       0000001e
stablcl_TEXT           CODE           AUTO           0000:5bb0       00000005
ostconsf_TEXT          CODE           AUTO           0000:5bc0       00000105
ostflush_TEXT          CODE           AUTO           0000:5cd0       00000058
ostdestr_TEXT          CODE           AUTO           0000:5d30       000000f4
sdfdestr_TEXT          CODE           AUTO           0000:5e30       000000f5
moddtorr_TEXT          CODE           AUTO           0000:5f30       00000000
ostopfx_TEXT           CODE           AUTO           0000:5f30       00000071
iouwrtit_TEXT          CODE           AUTO           0000:5fb0       00000390
iossetst_TEXT          CODE           AUTO           0000:6340       00000071
istconsf_TEXT          CODE           AUTO           0000:63c0       00000102
istdestr_TEXT          CODE           AUTO           0000:64d0       000000f4
pure_err_TEXT          CODE           AUTO           0000:65d0       00000024
istdipfx_TEXT          CODE           AUTO           0000:6600       000000ac
istdrshf_TEXT          CODE           AUTO           0000:66b0       00000099
ostput_TEXT            CODE           AUTO           0000:6750       000000e6
ostdlshf_TEXT          CODE           AUTO           0000:6840       00000047
ioufgtba_TEXT          CODE           AUTO           0000:6890       0000001e
ostadpre_TEXT          CODE           AUTO           0000:68b0       00000071
stabdtor_TEXT          CODE           AUTO           0000:6930       000003b1
stabdisp_TEXT          CODE           AUTO           0000:6cf0       0000036e
fatalerr_TEXT          CODE           AUTO           0000:7060       0000001d
stfdsgtn_TEXT          CODE           AUTO           0000:7080       0000009d
vfun_err_TEXT          CODE           AUTO           0000:7120       00000024
stfdspun_TEXT          CODE           AUTO           0000:7150       000000e5
stfpbfai_TEXT          CODE           AUTO           0000:7240       00000004
sdfoverf_TEXT          CODE           AUTO           0000:7250       000001e9
sdfundrf_TEXT          CODE           AUTO           0000:7440       0000018c
stfsbuf_TEXT           CODE           AUTO           0000:75d0       00000081
stfseeko_TEXT          CODE           AUTO           0000:7660       0000000c
stfseekp_TEXT          CODE           AUTO           0000:7670       00000021
sdfsync_TEXT           CODE           AUTO           0000:76a0       0000002e
stfdoall_TEXT          CODE           AUTO           0000:76d0       00000040
stfconde_TEXT          CODE           AUTO           0000:7710       0000006e
stabmod_TEXT           CODE           AUTO           0000:7780       0000007a
iosinit_TEXT           CODE           AUTO           0000:7800       00000061
iosconde_TEXT          CODE           AUTO           0000:7870       00000011
iosdestr_TEXT          CODE           AUTO           0000:7890       000000b2
stfsync_TEXT           CODE           AUTO           0000:7950       00000022
dtorarst_TEXT          CODE           AUTO           0000:7980       0000002f
opdelarr_TEXT          CODE           AUTO           0000:79b0       00000005
stfdestr_TEXT          CODE           AUTO           0000:79c0       0000002e
opnewarr_TEXT          CODE           AUTO           0000:79f0       00000005
iosfail_TEXT           CODE           AUTO           0000:7a00       00000009
stabthrw_TEXT          CODE           AUTO           0000:7a10       00000ce5
prwdata_TEXT           CODE           AUTO           0000:8700       00000000
manws_TEXT             CODE           AUTO           0000:8700       00000040
stabtrav_TEXT          CODE           AUTO           0000:8740       000001f1
callterm_TEXT          CODE           AUTO           0000:8940       00000032
allocexc_TEXT          CODE           AUTO           0000:8980       000004e5
stabadt_TEXT           CODE           AUTO           0000:8e70       00000127
tsequiv_TEXT           CODE           AUTO           0000:8fa0       000001d4
stfsetb_TEXT           CODE           AUTO           0000:9180       00000085
ioufrxal_TEXT          CODE           AUTO           0000:9210       00000033
exc_pr_TEXT            CODE           AUTO           0000:9250       000001bd
unexpect_TEXT          CODE           AUTO           0000:9410       0000008d
stabinit_TEXT          CODE           AUTO           0000:94a0       00000111
ljmpinit_TEXT          CODE           AUTO           0000:95c0       00000016
istpeek_TEXT           CODE           AUTO           0000:95e0       0000007e
istget_TEXT            CODE           AUTO           0000:9660       000000c0
bittest_TEXT           CODE           AUTO           0000:9720       00000047
termnate_TEXT          CODE           AUTO           0000:9770       00000049
areaexc_TEXT           CODE           AUTO           0000:97c0       00000000
tssize_TEXT            CODE           AUTO           0000:97c0       0000004d
ljmpdtor_TEXT          CODE           AUTO           0000:9810       000000af
istipfx_TEXT           CODE           AUTO           0000:98c0       0000004f
main_DATA1             FAR_CONST      AUTO           0991:0000       00000028
main_DATA2             FAR_CONST      AUTO           0993:0008       0000007f
ioicout_DATA1          FAR_CONST      AUTO           099c:0000       00000076
ostincch_DATA1         FAR_CONST      AUTO           09a3:0006       00000000
ioicin_DATA1           FAR_CONST      AUTO           09a4:0000       00000036
istexcha_DATA1         FAR_CONST      AUTO           09a7:0006       00000000
manendl_DATA1          FAR_CONST      AUTO           09a7:0006       00000000
ostinomn_DATA1         FAR_CONST      AUTO           09a7:0006       00000000
mandec_DATA1           FAR_CONST      AUTO           09a7:0006       00000000
manhex_DATA1           FAR_CONST      AUTO           09a7:0006       00000000
ostincha_DATA1         FAR_CONST      AUTO           09a7:0006       00000000
ostiniom_DATA1         FAR_CONST      AUTO           09a7:0006       00000000
ostinulo_DATA1         FAR_CONST      AUTO           09a7:0006       00000000
cppdata_DATA1          FAR_CONST      AUTO           09a8:0000       00000000
fsregist_DATA1         FAR_CONST      AUTO           09a8:0000       00000000
opdel_DATA1            FAR_CONST      AUTO           09a8:0000       00000000
opnew_DATA1            FAR_CONST      AUTO           09a8:0000       00000000
undefmbd_DATA1         FAR_CONST      AUTO           09a8:0000       00000000
fsroot_DATA1           FAR_CONST      AUTO           09a8:0000       00000000
undefed_DATA1          FAR_CONST      AUTO           09a8:0000       00000000
undefed_DATA1          FAR_CONST      AUTO           09a8:0000       0000002c
sdfconfp_DATA1         FAR_CONST      AUTO           09aa:000c       00000044
stablcl_DATA1          FAR_CONST      AUTO           09af:0000       00000000
ostconsf_DATA1         FAR_CONST      AUTO           09af:0000       00000040
ostflush_DATA1         FAR_CONST      AUTO           09af:0040       00000000
ostdestr_DATA1         FAR_CONST      AUTO           09b3:0000       00000034
sdfdestr_DATA1         FAR_CONST      AUTO           09b3:0040       0000002c
moddtorr_DATA1         FAR_CONST      AUTO           09b3:0070       00000000
ostopfx_DATA1          FAR_CONST      AUTO           09ba:0000       00000000
iouwrtit_DATA1         FAR_CONST      AUTO           09ba:0000       00000000
iossetst_DATA1         FAR_CONST      AUTO           09ba:0000       00000056
istconsf_DATA1         FAR_CONST      AUTO           09bf:0006       00000040
istdestr_DATA1         FAR_CONST      AUTO           09c4:0000       0000002c
pure_err_DATA1         FAR_CONST      AUTO           09c4:0030       00000000
pure_err_DATA1         FAR_CONST      AUTO           09c7:0000       0000001e
istdipfx_DATA1         FAR_CONST      AUTO           09c8:000e       00000000
istdrshf_DATA1         FAR_CONST      AUTO           09c8:000e       00000000
ostput_DATA1           FAR_CONST      AUTO           09c8:000e       00000000
ostdlshf_DATA1         FAR_CONST      AUTO           09c8:000e       00000000
ioufgtba_DATA1         FAR_CONST      AUTO           09c8:000e       00000000
ostadpre_DATA1         FAR_CONST      AUTO           09c8:000e       00000000
stabdtor_DATA1         FAR_CONST      AUTO           09c9:0000       00000000
stabdisp_DATA1         FAR_CONST      AUTO           09c9:0000       00000000
fatalerr_DATA1         FAR_CONST      AUTO           09c9:0000       00000000
stfdsgtn_DATA1         FAR_CONST      AUTO           09c9:0000       00000000
vfun_err_DATA1         FAR_CONST      AUTO           09c9:0000       00000000
vfun_err_DATA1         FAR_CONST      AUTO           09c9:0000       00000032
stfdspun_DATA1         FAR_CONST      AUTO           09cc:0002       00000000
stfpbfai_DATA1         FAR_CONST      AUTO           09cc:0002       00000000
sdfoverf_DATA1         FAR_CONST      AUTO           09cc:0002       00000000
sdfundrf_DATA1         FAR_CONST      AUTO           09cc:0002       00000000
stfsbuf_DATA1          FAR_CONST      AUTO           09cc:0002       00000000
stfseeko_DATA1         FAR_CONST      AUTO           09cc:0002       00000000
stfseekp_DATA1         FAR_CONST      AUTO           09cc:0002       00000000
sdfsync_DATA1          FAR_CONST      AUTO           09cc:0002       00000000
stfdoall_DATA1         FAR_CONST      AUTO           09cc:0002       00000000
stfconde_DATA1         FAR_CONST      AUTO           09cc:0002       0000003a
stabmod_DATA1          FAR_CONST      AUTO           09d0:0000       00000000
iosinit_DATA1          FAR_CONST      AUTO           09d0:0000       00000000
iosconde_DATA1         FAR_CONST      AUTO           09d0:0000       00000012
iosdestr_DATA1         FAR_CONST      AUTO           09d2:0000       00000036
stfsync_DATA1          FAR_CONST      AUTO           09d5:0006       00000000
dtorarst_DATA1         FAR_CONST      AUTO           09d6:0000       00000000
opdelarr_DATA1         FAR_CONST      AUTO           09d6:0000       00000000
stfdestr_DATA1         FAR_CONST      AUTO           09d6:0000       00000000
opnewarr_DATA1         FAR_CONST      AUTO           09d6:0000       00000000
iosfail_DATA1          FAR_CONST      AUTO           09d6:0000       00000000
stabthrw_DATA1         FAR_CONST      AUTO           09d6:0000       000001fa
stabthrw_DATA1         FAR_CONST      AUTO           09f5:000a       000001a4
manws_DATA1            FAR_CONST      AUTO           0a0f:000e       00000000
stabtrav_DATA1         FAR_CONST      AUTO           0a10:0000       00000000
callterm_DATA1         FAR_CONST      AUTO           0a10:0000       00000000
callterm_DATA1         FAR_CONST      AUTO           0a10:0000       0000001f
allocexc_DATA1         FAR_CONST      AUTO           0a12:0000       00000024
allocexc_DATA1         FAR_CONST      AUTO           0a14:0004       0000002b
stabadt_DATA1          FAR_CONST      AUTO           0a17:0000       00000026
tsequiv_DATA1          FAR_CONST      AUTO           0a17:0030       00000000
stfsetb_DATA1          FAR_CONST      AUTO           0a1a:0000       00000000
ioufrxal_DATA1         FAR_CONST      AUTO           0a1a:0000       00000000
exc_pr_DATA1           FAR_CONST      AUTO           0a1a:0000       00000000
unexpect_DATA1         FAR_CONST      AUTO           0a1a:0000       0000000a
unexpect_DATA1         FAR_CONST      AUTO           0a1a:000a       00000023
stabinit_DATA1         FAR_CONST      AUTO           0a1d:0000       00000000
ljmpinit_DATA1         FAR_CONST      AUTO           0a1d:0000       00000000
istpeek_DATA1          FAR_CONST      AUTO           0a1d:0000       00000000
istget_DATA1           FAR_CONST      AUTO           0a1d:0000       00000000
bittest_DATA1          FAR_CONST      AUTO           0a1d:0000       00000000
termnate_DATA1         FAR_CONST      AUTO           0a1d:0000       00000000
termnate_DATA1         FAR_CONST      AUTO           0a1d:0000       00000022
areaexc_DATA1          FAR_CONST      AUTO           0a20:0000       00000000
tssize_DATA1           FAR_CONST      AUTO           0a20:0000       00000000
ljmpdtor_DATA1         FAR_CONST      AUTO           0a20:0000       00000000
istipfx_DATA1          FAR_CONST      AUTO           0a20:0000       00000000
ioicout_DATA1          FAR_DATA       AUTO           0a20:0000       00000063
ioicin_DATA1           FAR_DATA       AUTO           0a20:0063       00000030
FAR_DATA               FAR_DATA       AUTO           0a20:0093       00000000
sdfconfp_DATA1         FAR_DATA       AUTO           0a20:0093       00000016
ostconsf_DATA1         FAR_DATA       AUTO           0a20:00a9       00000010
ostdestr_DATA1         FAR_DATA       AUTO           0a20:00b9       00000000
sdfdestr_DATA1         FAR_DATA       AUTO           0a20:00b9       00000000
iossetst_DATA1         FAR_DATA       AUTO           0a20:00b9       00000033
istconsf_DATA1         FAR_DATA       AUTO           0a20:00ec       00000000
istdestr_DATA1         FAR_DATA       AUTO           0a20:00ec       00000000
stfconde_DATA1         FAR_DATA       AUTO           0a20:00ec       00000000
iosconde_DATA1         FAR_DATA       AUTO           0a20:00ec       00000000
iosdestr_DATA1         FAR_DATA       AUTO           0a20:00ec       00000000
stfdestr_DATA1         FAR_DATA       AUTO           0a20:00ec       00000000
stabthrw_DATA2         FAR_DATA       AUTO           0a20:00ec       0000007c
allocexc_DATA2         FAR_DATA       AUTO           0a20:0168       00000000
stabadt_DATA1          FAR_DATA       AUTO           0a20:0168       00000011
unexpect_DATA2         FAR_DATA       AUTO           0a20:0179       00000000
_NULL                  BEGDATA        DGROUP         0a38:0000       00000020
_AFTERNULL             BEGDATA        DGROUP         0a3a:0000       00000002
CONST                  DATA           DGROUP         0a3a:0002       00000366
CONST2                 DATA           DGROUP         0a70:0008       0000010c
_DATA                  DATA           DGROUP         0a82:0000       00002388
XIB                    DATA           DGROUP         0cba:0008       00000000
XI                     DATA           DGROUP         0cba:0008       0000002a
XIE                    DATA           DGROUP         0cbd:0002       00000000
YIB                    DATA           DGROUP         0cbd:0002       00000000
YI                     DATA           DGROUP         0cbd:0002       00000012
YIE                    DATA           DGROUP         0cbe:0004       00000000
STRINGS                DATA           DGROUP         0cbe:0004       00000000
DATA                   DATA           DGROUP         0cbe:0004       00000000
_BSS                   BSS            DGROUP         0cbf:0000       00000324
STACK                  STACK          DGROUP         0cf2:0000       00000800


                        +----------------+
                        |   Memory Map   |
                        +----------------+

* = unreferenced symbol
+ = symbol only referenced locally

Address        Symbol
=======        ======

Module: main.obj(C:\Users\ifkno\DOSBOX\DOS16\RETROLIB\main.cpp)
0000:0000+     bool __far test::__yesno( char __far * )
0000:009e+     char __far fsys::fpeek( __iobuf __far * )
0000:00ec+     void __far fsys::extension()
0000:0102+     short unsigned __far str::bits_to_binary( __int64 unsigned, char __far *, int )
0000:01ae+     void __far pbm::load_bitmap( char const __far *, pbm::bitmap_t __far *, int )
0000:03ce+     std::ostream __far & __far operator <<( std::ostream __far &, pbm::bitmap_t const __far & )
0000:0860+     __far std::allocator<char __far >::~allocator()
0000:0890+     __far std::basic_string<char __far,std::char_traits<char __far > __far,std::allocator<char __far > __far >::basic_string( std::basic_string<char __far,std::char_traits<char __far > __far,std::allocator<char __far > __far > const __far & )
0000:0a00+     __far std::basic_string<char __far,std::char_traits<char __far > __far,std::allocator<char __far > __far >::~basic_string()
0000:0b00+     char __far * __far std::basic_string<char __far,std::char_traits<char __far > __far,std::allocator<char __far > __far >::alloc( int unsigned, int unsigned __far & )
0000:075e+     int __far test_pbm::run()
0000:081e      main_
0a38:0388+     int unsigned const __far std::basic_string<char __far,std::char_traits<char __far > __far,std::allocator<char __far > __far >::npos
0a38:04a0+     char __far dos::error::messages[][64]
0a38:19e0+     char __far dos::error::classes[][64]
0a38:1de0+     char __far dos::error::actions[][64]
0a38:1fe0+     char __far dos::error::locus[][64]
Module: C:\WATCOM\lib286\plbxl.lib(ioicout.cpp)
0a38:28a8      std::ostream __near std::cout
0000:0bee+     __far cout_initfini::cout_initfini()
0000:0bfc+     __far cout_initfini::~cout_initfini()
Module: C:\WATCOM\lib286\plbxl.lib(ostincch.cpp)
0000:0c40      std::ostream __far & __far std::ostream::operator <<( char const __far * )
Module: C:\WATCOM\lib286\plbxl.lib(ioicin.cpp)
0a38:2918      std::istream __near std::cin
0000:0d52+     __far cin_initfini::cin_initfini()
Module: C:\WATCOM\lib286\plbxl.lib(istexcha.cpp)
0000:0d80      std::istream __far & __far std::istream::operator >>( char __far & )
Module: C:\WATCOM\lib286\dos\clibl.lib(getc.c)
0000:0e60      getc_
Module: C:\WATCOM\lib286\dos\clibl.lib(fseek.c)
0000:0f07      fseek_
Module: C:\WATCOM\lib286\dos\clibl.lib(u8rs086.asm)
0000:1070      __U8RS
Module: C:\WATCOM\lib286\dos\clibl.lib(fopen.c)
0000:1080+     __open_flags_
0000:1282+     _fsopen_
0000:12e6      fopen_
0000:13be*     freopen_
Module: C:\WATCOM\lib286\dos\clibl.lib(ftell.c)
0000:142b      ftell_
Module: C:\WATCOM\lib286\dos\clibl.lib(rewind.c)
0000:1487      rewind_
Module: C:\WATCOM\lib286\dos\clibl.lib(fgets.c)
0000:14a4      fgets_
Module: C:\WATCOM\lib286\plbxl.lib(manendl.cpp)
0000:5410      std::ostream __far & __far std::endl( std::ostream __far & )
Module: C:\WATCOM\lib286\plbxl.lib(ostinomn.cpp)
0000:5430      std::ostream __far & __far std::ostream::operator <<( std::ostream __far & (__far *)())
Module: C:\WATCOM\lib286\dos\clibl.lib(fscanf.c)
0000:15a3+     vfscanf_
0000:15fe      fscanf_
Module: C:\WATCOM\lib286\dos\clibl.lib(fclose.c)
0000:162c      __doclose_
0000:16f0      __shutdown_stream_
0000:170a      fclose_
0a38:2948+     ___RmTmpFileFn
Module: C:\WATCOM\lib286\dos\clibl.lib(errno.c)
0000:1755      __get_errno_ptr_
0a38:294c+     _errno
Module: C:\WATCOM\lib286\dos\clibl.lib(strerror.c)
0000:175c      strerror_
0000:1784*     _strerror_
0a38:2160+     __sys_errlist
0a38:2204+     __sys_nerr
Module: C:\WATCOM\lib286\plbxl.lib(mandec.cpp)
0000:5450      std::ios __far & __far std::dec( std::ios __far & )
Module: C:\WATCOM\lib286\plbxl.lib(manhex.cpp)
0000:5460      std::ios __far & __far std::hex( std::ios __far & )
Module: C:\WATCOM\lib286\plbxl.lib(ostincha.cpp)
0000:5470      std::ostream __far & __far std::ostream::operator <<( char )
Module: C:\WATCOM\lib286\plbxl.lib(ostiniom.cpp)
0000:5580      std::ostream __far & __far std::ostream::operator <<( std::ios __far & (__far *)())
Module: C:\WATCOM\lib286\plbxl.lib(ostinulo.cpp)
0000:55b0      std::ostream __far & __far std::ostream::operator <<( long unsigned )
Module: C:\WATCOM\lib286\plbxl.lib(cppdata.cpp)
0a38:2a4e      __wint_thread_data
0a38:2a72      __compiled_under_generic
Module: C:\WATCOM\lib286\plbxl.lib(fsregist.cpp)
0000:5730+     __wcpp_4_dispatch_dummy__
0000:576a      __wcpp_4_fs_lookup__
0000:5880      __wcpp_4_fs_handler_rtn__
0000:5a04      __wcpp_4_unwind_global__
0000:5a84      __wcpp_4_raise_exception__
Module: C:\WATCOM\lib286\plbxl.lib(opdel.cpp)
0000:5ae0      void __far operator delete( void __far * )
Module: C:\WATCOM\lib286\plbxl.lib(opnew.cpp)
0000:5af0      void __far * __far operator new( int unsigned )
Module: C:\WATCOM\lib286\plbxl.lib(undefmbd.cpp)
0a38:2a74      ___wcpp_4_data_undefined_member_data_
Module: C:\WATCOM\lib286\dos\clibl.lib(cstart)
0a38:0000*     __nullarea
0a38:2206*     __ovlflag
0a38:2207*     __intno
0a38:2208*     __ovlvec
0000:1850      _cstart_
0000:1923*     _Not_Enough_Memory_
0000:1a55      __exit_
0000:1a72      __do_exit_with_msg__
0000:1acb      __GETDS
Module: C:\WATCOM\lib286\dos\clibl.lib(cmodel.asm)
0000:1ad6      _big_code_
0000:1ad6*     CodeModelMismatch
Module: C:\WATCOM\lib286\plbxl.lib(fsroot.cpp)
0a38:2834      ___wcpp_4_data_init_fs_root_
Module: C:\WATCOM\lib286\plbxl.lib(undefed.cpp)
0000:5b80      __wcpp_4_undefed_cdtor__
Module: C:\WATCOM\lib286\dos\clibl.lib(iobaddr.c)
0000:1ad6      __get_std_stream_
0000:1ad6*     __get_std_file_
Module: C:\WATCOM\lib286\plbxl.lib(sdfconfp.cpp)
0000:5b90      __far stdiobuf::stdiobuf( __iobuf __far * )
Module: C:\WATCOM\lib286\plbxl.lib(stablcl.cpp)
0000:5bb0      __wcpp_4_lcl_register__
Module: C:\WATCOM\lib286\plbxl.lib(ostconsf.cpp)
0000:5bc0      __far std::ostream::ostream( std::streambuf __far * )
Module: C:\WATCOM\lib286\plbxl.lib(ostflush.cpp)
0000:5cd0      std::ostream __far & __far std::ostream::flush()
Module: C:\WATCOM\lib286\plbxl.lib(ostdestr.cpp)
0000:5d30      __far std::ostream::~ostream()
Module: C:\WATCOM\lib286\plbxl.lib(sdfdestr.cpp)
0000:5e30      __far stdiobuf::~stdiobuf()
Module: C:\WATCOM\lib286\plbxl.lib(moddtorr.cpp)
0a38:2852      ___wcpp_4_data_module_dtor_ref_
Module: C:\WATCOM\lib286\plbxl.lib(ostopfx.cpp)
0000:5f30      int __far std::ostream::do_opfx()
Module: C:\WATCOM\lib286\plbxl.lib(iouwrtit.cpp)
0000:5fb0      int __far __WATCOM_ios::writeitem( std::ostream __far &, char const __far *, int, int )
Module: C:\WATCOM\lib286\plbxl.lib(iossetst.cpp)
0000:6380+     __far std::ios::failure::failure( std::ios::failure const __far & )
0000:6390+     __far std::ios::failure::~failure()
0000:63a0+     __far __WATCOM_exception::__WATCOM_exception( __WATCOM_exception const __far & )
0000:63b0+     __far __WATCOM_exception::~__WATCOM_exception()
0000:6340      void __far std::ios::setstate( int )
Module: C:\WATCOM\lib286\plbxl.lib(istconsf.cpp)
0000:63c0      __far std::istream::istream( std::streambuf __far * )
Module: C:\WATCOM\lib286\plbxl.lib(istdestr.cpp)
0000:64d0      __far std::istream::~istream()
Module: C:\WATCOM\lib286\plbxl.lib(pure_err.cpp)
0000:65d0      __wcpp_4_pure_error__
Module: C:\WATCOM\lib286\plbxl.lib(istdipfx.cpp)
0000:6600      int __far std::istream::do_ipfx( int )
Module: C:\WATCOM\lib286\plbxl.lib(istdrshf.cpp)
0000:66b0      std::istream __far & __far std::istream::do_rshift( char __far & )
Module: C:\WATCOM\lib286\dos\clibl.lib(fgetc.c)
0000:1af4+     __fill_buffer_
0000:1be9      fgetc_
Module: C:\WATCOM\lib286\dos\clibl.lib(lseek.c)
0000:1c93      lseek_
Module: C:\WATCOM\lib286\dos\clibl.lib(flush.c)
0000:1cc4      __flush_
Module: C:\WATCOM\lib286\dos\clibl.lib(tell.c)
0000:1dfc      tell_
Module: C:\WATCOM\lib286\dos\clibl.lib(comtflag.c)
0000:1e0d*     __set_commode_
0a38:220c      __commode
Module: C:\WATCOM\lib286\dos\clibl.lib(textmode.c)
0a38:220e      __fmode
Module: C:\WATCOM\lib286\dos\clibl.lib(tolower.c)
0000:1e19      tolower_
Module: C:\WATCOM\lib286\dos\clibl.lib(open.c)
0000:2038*     open_
0000:206f      sopen_
Module: C:\WATCOM\lib286\dos\clibl.lib(chktty.c)
0000:209c      __chktty_
Module: C:\WATCOM\lib286\dos\clibl.lib(freefp.c)
0000:20c7      __freefp_
0000:213c      __purgefp_
Module: C:\WATCOM\lib286\dos\clibl.lib(allocfp.c)
0000:2178      __allocfp_
Module: C:\WATCOM\lib286\dos\clibl.lib(iob.c)
0a38:2210      ___iob
0a38:2a76      ___OpenStreams
0a38:2a7a      ___ClosedStreams
Module: C:\WATCOM\lib286\dos\clibl.lib(fflush.c)
0000:228e      fflush_
Module: C:\WATCOM\lib286\plbxl.lib(ostput.cpp)
0000:6750      std::ostream __far & __far std::ostream::put( char )
Module: C:\WATCOM\lib286\dos\clibl.lib(ungetc.c)
0000:22a3      ungetc_
Module: C:\WATCOM\lib286\dos\clibl.lib(scnf.c)
0000:3192      __scnf_
Module: C:\WATCOM\lib286\dos\clibl.lib(__lseek.c)
0000:340a      __lseek_
Module: C:\WATCOM\lib286\dos\clibl.lib(_clse.c)
0000:3444      __close_
Module: C:\WATCOM\lib286\dos\clibl.lib(ffree.c)
0000:347c      _ffree_
0000:347c      free_
Module: C:\WATCOM\lib286\dos\clibl.lib(strncpy.c)
0000:34c4      strncpy_
Module: C:\WATCOM\lib286\plbxl.lib(ostdlshf.cpp)
0000:6840      std::ostream __far & __far std::ostream::do_lshift( char )
Module: C:\WATCOM\lib286\plbxl.lib(ioufgtba.cpp)
0000:6890      int __far __FlagsToBase( long )
Module: C:\WATCOM\lib286\plbxl.lib(ostadpre.cpp)
0000:68b0      void __far __AddPrefix( char, char __far *, int __far &, int, long )
Module: C:\WATCOM\lib286\dos\clibl.lib(ltoa.c)
0000:3500      ultoa_
0000:356f*     ltoa_
Module: C:\WATCOM\lib286\dos\clibl.lib(strupr.c)
0000:359e      strupr_
Module: C:\WATCOM\lib286\plbxl.lib(stabdtor.cpp)
0000:6c94      __wcpp_4_destruct_internal__
0000:6cb2*     __wcpp_4_destruct_all__
0000:6cb4*     __wcpp_4_destruct__
Module: C:\WATCOM\lib286\plbxl.lib(stabdisp.cpp)
0000:6fdc      __wcpp_4_dispatchable__
Module: C:\WATCOM\lib286\dos\clibl.lib(fmalloc.c)
0000:35c0      _fmalloc_
0000:35c0      malloc_
0a38:2378+     ___fheapbeg
0a38:237a      ___fheapRover
0a38:237c      ___LargestSizeB4Rover
Module: C:\WATCOM\lib286\dos\clibl.lib(xmsg.c)
0000:36d0      __exit_with_msg_
0000:36d5      __fatal_runtime_error_
Module: C:\WATCOM\lib286\dos\clibl.lib(cmain086.c)
0000:36ef      __CMain
Module: C:\WATCOM\lib286\dos\clibl.lib(initrtns.c)
0000:374a      __InitRtns
0000:374a*     __FInitRtns
0000:37a5      __FiniRtns
0000:37a5*     __FFiniRtns
Module: C:\WATCOM\lib286\dos\clibl.lib(crwdata)
0a38:237e      __curbrk
0a38:2386      __STACKLOW
0a38:2388      __STACKTOP
0a38:238a      __cbyte
0a38:238c      __child
0a38:238e      __no87
0a38:239b      ___FPE_handler
0a38:2380      __psp
0a38:238f      __get_ovl_stack
0a38:2393      __restore_ovl_stack
0a38:2397      __close_ovl_file
0a38:239f      __LpCmdLine
0a38:23a3      __LpPgmName
0a38:2382      __osmajor
0a38:2383      __osminor
0a38:2384      __osmode
0a38:2385      __HShift
Module: C:\WATCOM\lib286\dos\clibl.lib(uselfn.c)
0a38:23a8      ___uselfn
Module: C:\WATCOM\lib286\dos\clibl.lib(dosseg)
0000:380a      __DOSseg__
Module: C:\WATCOM\lib286\plbxl.lib(fatalerr.cpp)
0000:7060      __wcpp_4_fatal_runtime_error__
Module: C:\WATCOM\lib286\plbxl.lib(stfdsgtn.cpp)
0000:7080      int __far std::streambuf::do_sgetn( char __far *, int )
Module: C:\WATCOM\lib286\plbxl.lib(vfun_err.cpp)
0000:7120      __wcpp_4_undef_vfun__
Module: C:\WATCOM\lib286\plbxl.lib(stfdspun.cpp)
0000:7150      int __far std::streambuf::do_sputn( char const __far *, int )
Module: C:\WATCOM\lib286\plbxl.lib(stfpbfai.cpp)
0000:7240      int __far std::streambuf::pbackfail( int )
Module: C:\WATCOM\lib286\plbxl.lib(sdfoverf.cpp)
0000:7250      int __far stdiobuf::overflow( int )
Module: C:\WATCOM\lib286\plbxl.lib(sdfundrf.cpp)
0000:7440      int __far stdiobuf::underflow()
Module: C:\WATCOM\lib286\plbxl.lib(stfsbuf.cpp)
0000:75d0      std::streambuf __far * __far std::streambuf::setbuf( char __far *, int )
Module: C:\WATCOM\lib286\plbxl.lib(stfseeko.cpp)
0000:7660      long __far std::streambuf::seekoff( long, int, int )
Module: C:\WATCOM\lib286\plbxl.lib(stfseekp.cpp)
0000:7670      long __far std::streambuf::seekpos( long, int )
Module: C:\WATCOM\lib286\plbxl.lib(sdfsync.cpp)
0000:76a0      int __far stdiobuf::sync()
Module: C:\WATCOM\lib286\plbxl.lib(stfdoall.cpp)
0000:76d0      int __far std::streambuf::doallocate()
Module: C:\WATCOM\lib286\plbxl.lib(stfconde.cpp)
0000:7710      __far std::streambuf::streambuf()
Module: C:\WATCOM\lib286\plbxl.lib(stabmod.cpp)
0000:7780      __wcpp_4_module_dtor__
0000:77d6      __wcpp_4_mod_register__
Module: C:\WATCOM\lib286\plbxl.lib(iosinit.cpp)
0000:7800      void __far std::ios::init( std::streambuf __far * )
Module: C:\WATCOM\lib286\plbxl.lib(iosconde.cpp)
0000:7870      __far std::ios::ios()
Module: C:\WATCOM\lib286\plbxl.lib(iosdestr.cpp)
0000:7890      __far std::ios::~ios()
Module: C:\WATCOM\lib286\plbxl.lib(stfsync.cpp)
0000:7950      int __far std::streambuf::sync()
Module: C:\WATCOM\lib286\plbxl.lib(dtorarst.cpp)
0000:7980      __wcpp_4_dtor_array_store__
Module: C:\WATCOM\lib286\plbxl.lib(opdelarr.cpp)
0000:79b0      void __far operator delete []( void __far * )
Module: C:\WATCOM\lib286\plbxl.lib(stfdestr.cpp)
0000:79c0      __far std::streambuf::~streambuf()
Module: C:\WATCOM\lib286\plbxl.lib(opnewarr.cpp)
0000:79f0      void __far * __far operator new []( int unsigned )
Module: C:\WATCOM\lib286\plbxl.lib(iosfail.cpp)
0000:7a00      __far std::ios::failure::failure( int )
Module: C:\WATCOM\lib286\plbxl.lib(stabthrw.cpp)
0000:82e0+     __far std::exception::exception()
0000:8340+     __far std::exception::exception( std::exception const __far & )
0000:83c0+     __far std::exception::exception( char const __far * )
0000:8420+     __far std::exception::~exception()
0000:84c0+     char const __far * __far std::exception::what() const
0000:8530+     __far std::bad_exception::bad_exception()
0000:85b0+     __far std::bad_exception::bad_exception( std::bad_exception const __far & )
0000:8610+     __far std::bad_exception::~bad_exception()
0000:812e*     __wcpp_4_catch_done__
0000:81c0      __wcpp_4_throw__
0000:821c*     __wcpp_4_throw_zero__
0000:827c*     __wcpp_4_rethrow__
Module: C:\WATCOM\lib286\plbxl.lib(prwdata.cpp)
0a38:2a7e      __wint_pure_error_flag
0a38:2a80      __wint_undef_vfun_flag
0a38:2a82      __wint_module_init
Module: C:\WATCOM\lib286\plbxl.lib(manws.cpp)
0000:8700      std::istream __far & __far std::ws( std::istream __far & )
Module: C:\WATCOM\lib286\dos\clibl.lib(flushall.c)
0000:380b      __flushall_
0000:3868      flushall_
Module: C:\WATCOM\lib286\dos\clibl.lib(gtche.c)
0000:386d      getche_
Module: C:\WATCOM\lib286\dos\clibl.lib(ioalloc.c)
0000:3887      __ioalloc_
Module: C:\WATCOM\lib286\dos\clibl.lib(qread.c)
0000:3921      __qread_
Module: C:\WATCOM\lib286\dos\clibl.lib(iomode.c)
0000:3941      __GetIOMode_
0000:3966      __SetIOMode_nogrow_
0a38:23aa      ___NFiles
0a38:23ac      ___init_mode
0a38:23d4      ___io_mode
Module: C:\WATCOM\lib286\dos\clibl.lib(qwrit.c)
0000:3989      __qwrite_
Module: C:\WATCOM\lib286\dos\clibl.lib(fsync.c)
0000:39eb      fsync_
Module: C:\WATCOM\lib286\dos\clibl.lib(opendos.c)
0000:39f0      _dos_open_
Module: C:\WATCOM\lib286\dos\clibl.lib(isatt.c)
0000:3a16      isatty_
Module: C:\WATCOM\lib286\dos\clibl.lib(dosret.c)
0000:3a32*     __dosretax
0000:3a37*     __dosret0
0000:3a3e      __set_errno_dos_
0000:3aca*     __set_errno_dos_reterr_
Module: C:\WATCOM\lib286\dos\clibl.lib(doserrno.c)
0000:3ad5      __get_doserrno_ptr_
0a38:2a86+     __doserrno
Module: C:\WATCOM\lib286\dos\clibl.lib(umaskval.c)
0a38:23ec      ___umaskval
Module: C:\WATCOM\lib286\dos\clibl.lib(creatdos.c)
0000:3adc      _dos_creat_
0000:3b00*     _dos_creatnew_
Module: C:\WATCOM\lib286\dos\clibl.lib(stiomode.c)
0000:3b21+     __grow_iomode_
0000:3be7+     __shrink_iomode_
0000:3c22      __SetIOMode_
Module: C:\WATCOM\lib286\dos\clibl.lib(initfile.c)
0000:3c85      __InitFiles_
Module: C:\WATCOM\lib286\dos\clibl.lib(ioexit.c)
0000:3de0*     fcloseall_
0000:3de7      __full_io_exit_
Module: C:\WATCOM\lib286\dos\clibl.lib(istable.c)
0a38:038a      __IsTable
Module: C:\WATCOM\lib286\dos\clibl.lib(mbisdbcs.c)
0a38:23ee      ___IsDBCS
Module: C:\WATCOM\lib286\dos\clibl.lib(mbislead.c)
0000:3df1*     _ismbblead_
0a38:2a8a      ___MBCSIsTable
Module: C:\WATCOM\lib286\dos\clibl.lib(mbtowc.c)
0000:3e0d      mbtowc_
Module: C:\WATCOM\lib286\dos\clibl.lib(bits.c)
0a38:048c      __Bits
Module: C:\WATCOM\lib286\dos\clibl.lib(fdfs086.asm)
0000:3f10      __FDFS
Module: C:\WATCOM\lib286\dos\clibl.lib(i4d.asm)
0000:3f58*     __I4D
0000:3fa7      __U4D
Module: C:\WATCOM\lib286\dos\clibl.lib(noefgfmt.c)
0a38:23f0*     ___EFG_printf
0a38:23f4      ___EFG_scanf
Module: C:\WATCOM\lib286\dos\clibl.lib(i8m086.asm)
0000:4057*     __I8M
0000:4057      __U8M
0000:403c*     __I8ME
0000:403c*     __U8ME
Module: C:\WATCOM\lib286\dos\clibl.lib(i4m.asm)
0000:41a2      __I4M
0000:41a2*     __U4M
Module: C:\WATCOM\lib286\dos\clibl.lib(nmalloc.c)
0000:41ba      _nmalloc_
0a38:23f8      ___nheapbeg
0a38:23fa      ___MiniHeapRover
0a38:23fc      ___LargestSizeB4MiniHeapRover
Module: C:\WATCOM\lib286\dos\clibl.lib(mem.c)
0000:42a0      __MemAllocator
0000:4366      __MemFree
Module: C:\WATCOM\lib286\dos\clibl.lib(nfree.c)
0000:44dd      _nfree_
0a38:2b8c+     ___MiniHeapFreeRover
Module: C:\WATCOM\lib286\dos\clibl.lib(alphabet.c)
0000:45da      ___Alphabet
Module: C:\WATCOM\lib286\plbxl.lib(stabtrav.cpp)
0000:8740      __wcpp_4_stab_entry__
0000:875a*     __wcpp_4_stab_trav_comp__
0000:887e      __wcpp_4_stab_trav_init__
0000:88ac      __wcpp_4_stab_trav_next__
0000:8922      __wcpp_4_stab_trav_move__
Module: C:\WATCOM\lib286\plbxl.lib(callterm.cpp)
0000:8940      __wcpp_4_corrupted_stack__
0000:894c      __wcpp_4_call_terminate__
Module: C:\WATCOM\lib286\plbxl.lib(allocexc.cpp)
0000:8992      __wcpp_4_alloc_exc__
0000:8c7e      __wcpp_4_free_exc__
0000:8cf2      __wcpp_4_find_active__
0000:8d5c      __wcpp_4_dtor_free_exc__
Module: C:\WATCOM\lib286\plbxl.lib(stabadt.cpp)
0000:8e70+     void __far * __far dtor_the_array( _RTARCTOR __far * )
0000:8ee0+     __far _RTARCTOR::~_RTARCTOR()
0000:8f00      __wcpp_4_dtor_array__
Module: C:\WATCOM\lib286\plbxl.lib(tsequiv.cpp)
0000:8fa0      __wcpp_4_ts_refed__
0000:8fbe+     __wcpp_4_ts_pnted__
0000:8fe8      __wcpp_4_ts_equiv__
Module: C:\WATCOM\lib286\dos\clibl.lib(growseg.c)
0000:45ff      __GrowSeg_
Module: C:\WATCOM\lib286\dos\clibl.lib(allocseg.c)
0000:46cd      __AllocSeg_
Module: C:\WATCOM\lib286\dos\clibl.lib(fmemneed.c)
0000:476c      __fmemneed_
Module: C:\WATCOM\lib286\dos\clibl.lib(heapgrow.c)
0000:476f*     _heapgrow_
0000:476f*     _fheapgrow_
0000:4770      _nheapgrow_
Module: C:\WATCOM\lib286\dos\clibl.lib(enterdb.c)
0000:47e7      __EnterWVIDEO_
0a38:23fe+     ___WD_Present
Module: C:\WATCOM\lib286\dos\clibl.lib(___argc.c)
0a38:2b8e      ____Argv
0a38:2b92      ____Argc
Module: C:\WATCOM\lib286\dos\clibl.lib(exit.c)
0000:480b+     __null_int23_exit_
0000:480c      exit_
0000:4824*     _exit_
0a38:2400+     ___int23_exit
0a38:2404+     ___FPE_handler_exit
Module: C:\WATCOM\lib286\dos\clibl.lib(sgdef086)
0a38:2828      __Start_XI
0a38:2852      __End_XI
0a38:2852      __Start_YI
0a38:2864      __End_YI
Module: C:\WATCOM\lib286\dos\clibl.lib(fwrite.c)
0000:4840      fwrite_
Module: C:\WATCOM\lib286\dos\clibl.lib(memmove.c)
0000:4a3e      memmove_
Module: C:\WATCOM\lib286\plbxl.lib(stfsetb.cpp)
0000:9180      void __far std::streambuf::setb( char __far *, char __far *, int )
Module: C:\WATCOM\lib286\dos\clibl.lib(liballoc.c)
0000:4ab4      _plib_malloc_
0000:4ab9      _plib_free_
Module: C:\WATCOM\lib286\plbxl.lib(ioufrxal.cpp)
0000:9210      void __far __WATCOM_ios::free_xalloc_storage( std::ios __far * )
Module: C:\WATCOM\lib286\plbxl.lib(exc_pr.cpp)
0000:9250      __far _EXC_PR::_EXC_PR( _RTCTL __far *, RW_DTREG __far *, EXCSTATE )
0000:92d4      __far _EXC_PR::~_EXC_PR()
0000:92f4      __far _EXC_PR_FREE::_EXC_PR_FREE( _RTCTL __far *, RW_DTREG __far *, EXCSTATE, ACTIVE_EXC __far * )
0000:9322      __far _EXC_PR_FREE::~_EXC_PR_FREE()
0000:9364      __far _EXC_PR_DTOR::_EXC_PR_DTOR( _RTCTL __far *, RW_DTREG __far *, EXCSTATE, ACTIVE_EXC __far * )
0000:9386      __far _EXC_PR_FNEXC::_EXC_PR_FNEXC( _RTCTL __far *, RW_DTREG __far *, RW_DTREG __far *, ACTIVE_EXC __far * )
0000:93d4      __far _EXC_PR_FNEXC::~_EXC_PR_FNEXC()
0000:93d8      __far _EXC_PR_DTOR::~_EXC_PR_DTOR()
Module: C:\WATCOM\lib286\plbxl.lib(unexpect.cpp)
0000:9410      void __far std::unexpected()
Module: C:\WATCOM\lib286\dos\clibl.lib(stjmp086.asm)
0000:4abe*     _setjmp_
0000:4b13      longjmp_
Module: C:\WATCOM\lib286\plbxl.lib(stabinit.cpp)
0000:94a0      __wcpp_4_exc_setup__
Module: C:\WATCOM\lib286\plbxl.lib(ljmpinit.cpp)
0a38:284c      ___wcpp_4_data_init_longjmp_
Module: C:\WATCOM\lib286\plbxl.lib(istpeek.cpp)
0000:95e0      int __far std::istream::peek()
Module: C:\WATCOM\lib286\dos\clibl.lib(isspace.c)
0000:4b70      isspace_
Module: C:\WATCOM\lib286\plbxl.lib(istget.cpp)
0000:9660      int __far std::istream::get()
Module: C:\WATCOM\lib286\dos\clibl.lib(filedos.c)
0000:4b99*     _dos_close_
0000:4ba7      _dos_commit_
Module: C:\WATCOM\lib286\dos\clibl.lib(error086.asm)
0000:4bb6      __doserror_
0000:4bc4*     __doserror1_
Module: C:\WATCOM\lib286\dos\clibl.lib(frealloc.c)
0000:4bd0*     _frealloc_
0000:4bd0      realloc_
Module: C:\WATCOM\lib286\dos\clibl.lib(iomodtty.c)
0000:4ca8      __ChkTTYIOMode_
0000:4ce6*     __IOMode_
Module: C:\WATCOM\lib286\dos\clibl.lib(mbinit.c)
0000:4d63      __mbinit_
0a38:2408+     ___MBCodePage
Module: C:\WATCOM\lib286\dos\clibl.lib(nmemneed.c)
0000:4e1d      __nmemneed_
Module: C:\WATCOM\lib286\dos\clibl.lib(grownear.c)
0000:4e9f      __LastFree_
0000:4f17      __ExpandDGROUP_
Module: C:\WATCOM\lib286\plbxl.lib(bittest.cpp)
0000:9720      __wcpp_4_bit_test__
0000:9744      __wcpp_4_bit_off__
Module: C:\WATCOM\lib286\plbxl.lib(termnate.cpp)
0000:9770      void __far std::terminate()
Module: C:\WATCOM\lib286\plbxl.lib(areaexc.cpp)
0a38:2420      ___EXC_AREA
Module: C:\WATCOM\lib286\plbxl.lib(tssize.cpp)
0000:97d2      __wcpp_4_ts_size__
Module: C:\WATCOM\lib286\dos\clibl.lib(heapen.c)
0000:501c*     _heapenable_
0a38:2820      ___heap_enabled
Module: C:\WATCOM\lib286\dos\clibl.lib(amblksiz.c)
0a38:2822      __amblksiz
Module: C:\WATCOM\lib286\dos\clibl.lib(fputc.c)
0000:502d      fputc_
Module: C:\WATCOM\lib286\dos\clibl.lib(ljmphdl.c)
0a38:2824      ___longjmp_handler
Module: C:\WATCOM\lib286\plbxl.lib(ljmpdtor.cpp)
0000:98b8      __wcpp_4_lj_handler__
Module: C:\WATCOM\lib286\plbxl.lib(istipfx.cpp)
0000:98c0      int __far std::istream::ipfx( int )
Module: C:\WATCOM\lib286\dos\clibl.lib(fmsize.c)
0000:5103*     _msize_
0000:5103      _fmsize_
Module: C:\WATCOM\lib286\dos\clibl.lib(nexpand.c)
0000:5114      _nexpand_
Module: C:\WATCOM\lib286\dos\clibl.lib(fexpand.c)
0000:5166      _fexpand_
0000:5166*     _expand_
Module: C:\WATCOM\lib286\dos\clibl.lib(sbrk.c)
0000:519b      __brk_
0000:5202*     sbrk_
Module: C:\WATCOM\lib286\dos\clibl.lib(_expand.c)
0000:5212      __HeapManager_expand_
Module: C:\WATCOM\lib286\dos\clibl.lib(bexpand.c)
0000:5392      _bexpand_
Module: C:\WATCOM\lib286\dos\clibl.lib(bfree.c)
0000:53eb      _bfree_


                        +--------------------+
                        |   Libraries Used   |
                        +--------------------+

C:\WATCOM\lib286\plbxl.lib
C:\WATCOM\lib286\dos\clibl.lib


                        +-----------------------+
                        |   Linker Statistics   |
                        +-----------------------+

Stack size:  0800 (2048.)
Memory size:  d720 (55072.)
Entry point address: 0000:1850
Link time: 00:00.17
